ASxxxx Linker V03.00 + NoICE + sdld,  page 1.
Hexadecimal  [32-Bits]

Area                                    Addr        Size        Decimal Bytes (Attributes)
--------------------------------        ----        ----        ------- ----- ------------
.  .ABS.                            00000000    00000000 =           0. bytes (ABS,CON)

      Value  Global                              Global Defined In Module
      -----  --------------------------------   ------------------------
     00000000  .__.ABS.                           
     00000000  l__BSEG                         
     00000000  l__BSS                          
     00000000  l__CABS                         
     00000000  l__DABS                         
     00000000  l__HEADER                       
     00000000  l__HEAP                         
     00000000  l__HOME                         
     00000000  s__CABS                         
     00000000  s__CABS0                        
     00000000  s__CABS1                        
     00000000  s__CABS2                        
     00000000  s__CABS3                        
     00000000  s__CABS4                        
     00000000  s__DABS                         
     00000000  s__HEADER                       
     00000000  s__HEADER0                      
     00000000  s__HEADER1                      
     00000000  s__HEADER2                      
     00000000  s__HEADER3                      
     00000001  l__GSFINAL                      
     00000003  l__HEADER1                      
     00000003  l__HEADER2                      
     00000006  l__HEADER0                      
     00000006  l__INITIALIZED                  
     00000006  l__INITIALIZER                  
     0000000C  l__CABS2                        
     0000000F  l__GSINIT                       
     00000010  l__CABS0                        
     00000010  l__CABS4                        
     00000011  l__CABS1                        
     00000037  l__CABS3                        
     000000CA  l__DATA                         
     0000012A  l__HEADER3                      
     00000200  s__CODE                         
     0000036B  l__CODE                         
     0000056B  s__HOME                         
     0000056B  s__INITIALIZER                  
     00000571  s__GSINIT                       
     00000580  s__GSFINAL                      
     0000C000  s__DATA                         
     0000C0CA  s__INITIALIZED                  
     0000C0D0  s__BSEG                         
     0000C0D0  s__BSS                          
     0000C0D0  s__HEAP                         
     0000FFFF  G$bank_to_be_mapped_on_slot2$0$0   main
     0000FFFF  _bank_to_be_mapped_on_slot2        SMSlib

ASxxxx Linker V03.00 + NoICE + sdld,  page 2.
Hexadecimal  [32-Bits]

Area                                    Addr        Size        Decimal Bytes (Attributes)
--------------------------------        ----        ----        ------- ----- ------------
_CODE                               00000200    0000036B =         875. bytes (REL,CON)

      Value  Global                              Global Defined In Module
      -----  --------------------------------   ------------------------
     00000200  __clock                            crt0
     00000204  _exit                              crt0
     0000020A  A$main$66                          main
     0000020A  C$main.c$3$0$0                     main
     0000020A  C$main.c$5$1$49                    main
     0000020A  G$stevepro$0$0                     main
     0000020A  _stevepro                          main
     0000020D  A$main$67                          main
     0000020E  A$main$68                          main
     00000211  A$main$69                          main
     00000212  A$main$74                          main
     00000212  C$main.c$6$1$49                    main
     00000212  XG$stevepro$0$0                    main
     00000213  A$main$87                          main
     00000213  C$main.c$10$1$51                   main
     00000213  C$main.c$8$1$49                    main
     00000213  G$main$0$0                         main
     00000213  _main                              main
     00000216  A$main$92                          main
     00000216  C$main.c$13$3$53                   main
     00000219  A$main$97                          main
     00000219  C$main.c$15$2$52                   main
     00000219  XG$main$0$0                        main
     0000021B  Fmain$__str_0$0$0                  main
     0000022C  Fmain$__str_1$0$0                  main
     00000238  Fmain$__str_2$0$0                  main
     0000026F  _SMS_init                          SMSlib
     000002BB  _VDPReg_init                       SMSlib
     000002C6  _SMS_VDPType                       SMSlib
     000002CE  _SMS_VDPturnOnFeature              SMSlib
     000002E5  _SMS_VDPturnOffFeature             SMSlib
     000002FE  _SMS_setBGScrollX                  SMSlib
     0000030D  _SMS_setBGScrollY                  SMSlib
     0000031C  _SMS_setBackdropColor              SMSlib
     0000032B  _SMS_useFirstHalfTilesforSprites   SMSlib
     00000343  _SMS_setSpriteMode                 SMSlib
     00000398  _SMS_setBGPaletteColor             SMSlib
     000003AE  _SMS_setSpritePaletteColor         SMSlib
     000003C5  _SMS_setNextTileatAddr             SMSlib
     000003CE  _SMS_setTile                       SMSlib
     000003D8  _SMS_loadBGPalette                 SMSlib
     000003EC  _SMS_loadSpritePalette             SMSlib
     00000400  _SMS_initSprites                   SMSlib
     00000406  _SMS_addSprite                     SMSlib
     0000044D  _SMS_finalizeSprites               SMSlib
     0000045F  _SMS_copySpritestoSAT              SMSlib
     00000494  _SMS_waitForVBlank                 SMSlib
     000004A1  _SMS_getKeysStatus                 SMSlib
     000004A5  _SMS_getKeysPressed                SMSlib
     000004BA  _SMS_getKeysHeld                   SMSlib
ASxxxx Linker V03.00 + NoICE + sdld,  page 3.
Hexadecimal  [32-Bits]

Area                                    Addr        Size        Decimal Bytes (Attributes)
--------------------------------        ----        ----        ------- ----- ------------
_CODE                               00000200    0000036B =         875. bytes (REL,CON)

      Value  Global                              Global Defined In Module
      -----  --------------------------------   ------------------------
     000004D1  _SMS_getKeysReleased               SMSlib
     000004EE  _SMS_queryPauseRequested           SMSlib
     000004F6  _SMS_resetPauseRequest             SMSlib
     000004FC  _SMS_setLineInterruptHandler       SMSlib
     0000050D  _SMS_setLineCounter                SMSlib
     0000051C  _SMS_getVCount                     SMSlib
     00000520  _SMS_getHCount                     SMSlib
     00000524  _SMS_isr                           SMSlib
     00000557  _SMS_nmi_isr                       SMSlib
     0000056A  ___sdcc_call_hl                    
ASxxxx Linker V03.00 + NoICE + sdld,  page 4.
Hexadecimal  [32-Bits]

Area                                    Addr        Size        Decimal Bytes (Attributes)
--------------------------------        ----        ----        ------- ----- ------------
_HEADER0                            00000000    00000006 =           6. bytes (ABS,CON)

      Value  Global                              Global Defined In Module
      -----  --------------------------------   ------------------------
ASxxxx Linker V03.00 + NoICE + sdld,  page 5.
Hexadecimal  [32-Bits]

Area                                    Addr        Size        Decimal Bytes (Attributes)
--------------------------------        ----        ----        ------- ----- ------------
_HEADER1                            00000000    00000003 =           3. bytes (ABS,CON)

      Value  Global                              Global Defined In Module
      -----  --------------------------------   ------------------------
ASxxxx Linker V03.00 + NoICE + sdld,  page 6.
Hexadecimal  [32-Bits]

Area                                    Addr        Size        Decimal Bytes (Attributes)
--------------------------------        ----        ----        ------- ----- ------------
_HEADER2                            00000000    00000003 =           3. bytes (ABS,CON)

      Value  Global                              Global Defined In Module
      -----  --------------------------------   ------------------------
ASxxxx Linker V03.00 + NoICE + sdld,  page 7.
Hexadecimal  [32-Bits]

Area                                    Addr        Size        Decimal Bytes (Attributes)
--------------------------------        ----        ----        ------- ----- ------------
_HEADER3                            00000000    0000012A =         298. bytes (ABS,CON)

      Value  Global                              Global Defined In Module
      -----  --------------------------------   ------------------------
     00000099  _OUTI128                           crt0
     00000119  _OUTI64                            crt0
     00000159  _OUTI32                            crt0
     00000199  _outi_block                        crt0

ASxxxx Linker V03.00 + NoICE + sdld,  page 8.
Hexadecimal  [32-Bits]

Area                                    Addr        Size        Decimal Bytes (Attributes)
--------------------------------        ----        ----        ------- ----- ------------
_INITIALIZER                        0000056B    00000006 =           6. bytes (REL,CON)

      Value  Global                              Global Defined In Module
      -----  --------------------------------   ------------------------
ASxxxx Linker V03.00 + NoICE + sdld,  page 9.
Hexadecimal  [32-Bits]

Area                                    Addr        Size        Decimal Bytes (Attributes)
--------------------------------        ----        ----        ------- ----- ------------
_GSINIT                             00000571    0000000F =          15. bytes (REL,CON)

      Value  Global                              Global Defined In Module
      -----  --------------------------------   ------------------------
     00000571  gsinit                             crt0

ASxxxx Linker V03.00 + NoICE + sdld,  page 10.
Hexadecimal  [32-Bits]

Area                                    Addr        Size        Decimal Bytes (Attributes)
--------------------------------        ----        ----        ------- ----- ------------
_GSFINAL                            00000580    00000001 =           1. bytes (REL,CON)

      Value  Global                              Global Defined In Module
      -----  --------------------------------   ------------------------
ASxxxx Linker V03.00 + NoICE + sdld,  page 11.
Hexadecimal  [32-Bits]

Area                                    Addr        Size        Decimal Bytes (Attributes)
--------------------------------        ----        ----        ------- ----- ------------
_DATA                               0000C000    000000CA =         202. bytes (REL,CON)

      Value  Global                              Global Defined In Module
      -----  --------------------------------   ------------------------
     0000C000  _VDPBlank                          SMSlib
     0000C001  _PauseRequested                    SMSlib
     0000C002  _VDPType                           SMSlib
     0000C003  _KeysStatus                        SMSlib
     0000C005  _PreviousKeysStatus                SMSlib
     0000C007  _SpriteTableY                      SMSlib
     0000C047  _SpriteTableXN                     SMSlib
     0000C0C7  _SpriteNextFree                    SMSlib
     0000C0C8  _SMS_theLineInterruptHandler       SMSlib
ASxxxx Linker V03.00 + NoICE + sdld,  page 12.
Hexadecimal  [32-Bits]

Area                                    Addr        Size        Decimal Bytes (Attributes)
--------------------------------        ----        ----        ------- ----- ------------
_INITIALIZED                        0000C0CA    00000006 =           6. bytes (REL,CON)

      Value  Global                              Global Defined In Module
      -----  --------------------------------   ------------------------
     0000C0CA  _VDPReg                            SMSlib
     0000C0CC  _spritesHeight                     SMSlib
     0000C0CE  _spritesWidth                      SMSlib
ASxxxx Linker V03.00 + NoICE + sdld,  page 13.
Hexadecimal  [32-Bits]

Area                                    Addr        Size        Decimal Bytes (Attributes)
--------------------------------        ----        ----        ------- ----- ------------
_CABS0                              00000000    00000010 =          16. bytes (ABS,CON)

      Value  Global                              Global Defined In Module
      -----  --------------------------------   ------------------------
     00007FF0  G$__SMS__SEGA_signature$0$0        main
     00007FF0  ___SMS__SEGA_signature             main

ASxxxx Linker V03.00 + NoICE + sdld,  page 14.
Hexadecimal  [32-Bits]

Area                                    Addr        Size        Decimal Bytes (Attributes)
--------------------------------        ----        ----        ------- ----- ------------
_CABS1                              00000000    00000011 =          17. bytes (ABS,CON)

      Value  Global                              Global Defined In Module
      -----  --------------------------------   ------------------------
     00007FCF  G$__SMS__SDSC_author$0$0           main
     00007FCF  ___SMS__SDSC_author                main

ASxxxx Linker V03.00 + NoICE + sdld,  page 15.
Hexadecimal  [32-Bits]

Area                                    Addr        Size        Decimal Bytes (Attributes)
--------------------------------        ----        ----        ------- ----- ------------
_CABS2                              00000000    0000000C =          12. bytes (ABS,CON)

      Value  Global                              Global Defined In Module
      -----  --------------------------------   ------------------------
     00007FC3  G$__SMS__SDSC_name$0$0             main
     00007FC3  ___SMS__SDSC_name                  main

ASxxxx Linker V03.00 + NoICE + sdld,  page 16.
Hexadecimal  [32-Bits]

Area                                    Addr        Size        Decimal Bytes (Attributes)
--------------------------------        ----        ----        ------- ----- ------------
_CABS3                              00000000    00000037 =          55. bytes (ABS,CON)

      Value  Global                              Global Defined In Module
      -----  --------------------------------   ------------------------
     00007F8C  G$__SMS__SDSC_descr$0$0            main
     00007F8C  ___SMS__SDSC_descr                 main

ASxxxx Linker V03.00 + NoICE + sdld,  page 17.
Hexadecimal  [32-Bits]

Area                                    Addr        Size        Decimal Bytes (Attributes)
--------------------------------        ----        ----        ------- ----- ------------
_CABS4                              00000000    00000010 =          16. bytes (ABS,CON)

      Value  Global                              Global Defined In Module
      -----  --------------------------------   ------------------------
     00007FE0  G$__SMS__SDSC_signature$0$0        main
     00007FE0  ___SMS__SDSC_signature             main

ASxxxx Linker V03.00 + NoICE + sdld,  page 18.

Files Linked                              [ module(s) ]

crt0_sms.rel                              [ crt0 ]
main.rel                                  [ main ]


Libraries Linked                          [ object file ]

SMSlib.lib                                [ SMSlib.rel ]
C:\Program Files\SDCC\bin\..\lib\z80/z80.lib
                                          [ __sdcc_call_hl.rel ]

ASxxxx Linker V03.00 + NoICE + sdld,  page 19.

User Base Address Definitions

_CODE = 0x0200
_DATA = 0xc000

